// Jest Snapshot v1, https://goo.gl/fbAQLP

exports[`resolvePackages [integration] should resolve the expected packages 1`] = `
Array [
  Object {
    "isRoot": true,
    "name": "example-monorepo",
    "packageJson": Object {
      "description": "Example monorepo to aid testing of yalcd",
      "name": "example-monorepo",
      "private": true,
      "version": "1.0.0",
    },
    "path": "./package.json",
  },
  Object {
    "isRoot": false,
    "name": "@my/terminal",
    "packageJson": Object {
      "author": "Sean Matheson",
      "dependencies": Object {
        "@my/messages": "file:../messages",
      },
      "description": "",
      "keywords": Array [],
      "license": "ISC",
      "main": "index.js",
      "name": "@my/terminal",
      "version": "1.0.0",
    },
    "path": "./apps/terminal/package.json",
  },
  Object {
    "isRoot": false,
    "name": "@my/messages",
    "packageJson": Object {
      "main": "index.js",
      "name": "@my/messages",
      "private": true,
      "version": "1.0.0",
    },
    "path": "./packages/messages/package.json",
  },
]
`;
